###############################################################################
#
# IAR ANSI C/C++ Compiler V7.80.4.12462/W32 for ARM       26/Nov/2017  21:58:10
# Copyright 1999-2017 IAR Systems AB.
#
#    Cpu mode     =  thumb
#    Endian       =  little
#    Source file  =  
#        C:\Users\Paul\Desktop\simulation\DriverInterface\DriverHal_1_0.c
#    Command line =  
#        C:\Users\Paul\Desktop\simulation\DriverInterface\DriverHal_1_0.c -D
#        USE_STDPERIPH_DRIVER -D VECT_TAB_FLASH -D USE_STM32F4_EVB -D STM32F4XX
#        -D STM32F401X -D AKM_MAGNETOMETER_AK09911 -D AKSC_VERSION_DEVICE=9911
#        -D AKL_SKIP_HW_CHECK -D DEBUG -D AKM_DISABLE_DOEPLUS -D
#        AKM_CUSTOM_CONTINUOUS_MEASURE -D __DOEAG_MODE_EN -D ACC_SENSOR_DISABLE
#        -D AKM_ACCELEROMETER_DUMMY -D AKM_ENABLE_PDC -lC
#        C:\Users\Paul\Desktop\simulation\DriverInterface\EWARM6\STM32F4\List
#        -lA
#        C:\Users\Paul\Desktop\simulation\DriverInterface\EWARM6\STM32F4\List
#        --diag_suppress Pa082,pe191 -o
#        C:\Users\Paul\Desktop\simulation\DriverInterface\EWARM6\STM32F4\Obj
#        --no_cse --no_unroll --no_inline --no_code_motion --no_tbaa
#        --no_clustering --no_scheduling --debug --endian=little
#        --cpu=Cortex-M4 -e --fpu=VFPv4_sp --dlib_config "C:\Program Files
#        (x86)\IAR Systems\Embedded Workbench 7.5\arm\INC\c\DLib_Config_Full.h"
#        -I
#        C:\Users\Paul\Desktop\simulation\DriverInterface\EWARM6\..\..\..\Libraries\STM32_Common\
#        -I
#        C:\Users\Paul\Desktop\simulation\DriverInterface\EWARM6\..\..\..\Libraries\STM32F4xx_StdPeriph_Driver\inc\
#        -I
#        C:\Users\Paul\Desktop\simulation\DriverInterface\EWARM6\..\..\..\Libraries\STM32F4xx_HAL_Driver\inc\
#        -I
#        C:\Users\Paul\Desktop\simulation\DriverInterface\EWARM6\..\..\..\Libraries\CMSIS\Device\STM32F4xx\Include\
#        -I
#        C:\Users\Paul\Desktop\simulation\DriverInterface\EWARM6\..\..\..\..\FreeRTOS\FreeRTOS821\Source\include\
#        -I
#        C:\Users\Paul\Desktop\simulation\DriverInterface\EWARM6\..\..\..\..\FreeRTOS\FreeRTOS821\Source\portable\IAR\ARM_CM4F\
#        -I
#        C:\Users\Paul\Desktop\simulation\DriverInterface\EWARM6\..\..\..\Libraries\STM32_CPAL_Driver\inc\
#        -I
#        C:\Users\Paul\Desktop\simulation\DriverInterface\EWARM6\..\..\..\Libraries\STM32_CPAL_Driver\devices\stm32f4xx\
#        -I
#        C:\Users\Paul\Desktop\simulation\DriverInterface\EWARM6\..\..\..\..\System\Algorithm\inc\
#        -I
#        C:\Users\Paul\Desktop\simulation\DriverInterface\EWARM6\..\..\..\..\System\Driver\inc\
#        -I
#        C:\Users\Paul\Desktop\simulation\DriverInterface\EWARM6\..\..\..\..\System\DriverLibrary\AKM8963\inc\
#        -I
#        C:\Users\Paul\Desktop\simulation\DriverInterface\EWARM6\..\..\..\..\System\DriverLibrary\AKM09911\inc\
#        -I
#        C:\Users\Paul\Desktop\simulation\DriverInterface\EWARM6\..\..\..\..\System\DriverLibrary\AKM09911AG\
#        -I
#        C:\Users\Paul\Desktop\simulation\DriverInterface\EWARM6\..\..\..\..\System\DriverLibrary\AKM09911AG\AKM_HAL\
#        -I
#        C:\Users\Paul\Desktop\simulation\DriverInterface\EWARM6\..\..\..\..\System\DriverLibrary\AKM09911AG\AKM_Library\
#        -I
#        C:\Users\Paul\Desktop\simulation\DriverInterface\EWARM6\..\..\..\..\System\DriverLibrary\AKM09911AG\AKM_Library\libag\
#        -I
#        C:\Users\Paul\Desktop\simulation\DriverInterface\EWARM6\..\..\..\..\System\DriverLibrary\AKM09911AG\AKM_Library\libSmartCompass\
#        -I
#        C:\Users\Paul\Desktop\simulation\DriverInterface\EWARM6\..\..\..\..\System\DriverLibrary\AKM09911AG\AKM_Sensors\
#        -I
#        C:\Users\Paul\Desktop\simulation\DriverInterface\EWARM6\..\..\..\..\System\DriverLibrary\MMC3524xPJ\
#        -I
#        C:\Users\Paul\Desktop\simulation\DriverInterface\EWARM6\..\..\..\..\System\DriverLibrary\ST480M\
#        -I
#        C:\Users\Paul\Desktop\simulation\DriverInterface\EWARM6\..\..\..\..\System\DriverLibrary\Yamaha\inc\
#        -I
#        C:\Users\Paul\Desktop\simulation\DriverInterface\EWARM6\..\..\..\..\System\DriverLibrary\YamahaMini\inc\
#        -I
#        C:\Users\Paul\Desktop\simulation\DriverInterface\EWARM6\..\..\..\..\System\Manager\inc\
#        -I
#        C:\Users\Paul\Desktop\simulation\DriverInterface\EWARM6\..\..\..\..\System\Utils\inc\
#        -I
#        C:\Users\Paul\Desktop\simulation\DriverInterface\EWARM6\..\..\..\Release\Driver\inc\
#        -I
#        C:\Users\Paul\Desktop\simulation\DriverInterface\EWARM6\..\..\..\Release\Manager\inc\
#        -I
#        C:\Users\Paul\Desktop\simulation\DriverInterface\EWARM6\..\..\..\Release\Platform\inc\
#        -I
#        C:\Users\Paul\Desktop\simulation\DriverInterface\EWARM6\..\..\..\Release\RtosTask\inc\
#        -I
#        C:\Users\Paul\Desktop\simulation\DriverInterface\EWARM6\..\..\..\Release\System\inc\
#        -I
#        C:\Users\Paul\Desktop\simulation\DriverInterface\EWARM6\..\..\..\Release\SystemConfig\inc\
#        -I
#        C:\Users\Paul\Desktop\simulation\DriverInterface\EWARM6\..\..\..\..\..\Source\inc\
#        -I C:\Users\Paul\Desktop\simulation\DriverInterface\EWARM6\..\..\..\
#        -I C:\work\Develop\Source\Manager\ -I C:\work\Develop\Source\Common\
#        -I C:\work\Develop\Source\Platform_Dependent\ -I
#        C:\work\Develop\Source\Android\ -I C:\work\Develop\Source\TimeSync\ -I
#        C:\work\Develop\Source\Protocol\ -On --vla --use_c++_inline -I
#        "C:\Program Files (x86)\IAR Systems\Embedded Workbench
#        7.5\arm\CMSIS\Include\" -D ARM_MATH_CM4
#    Locale       =  Chinese (Traditional)_Taiwan.950
#    List file    =  
#        C:\Users\Paul\Desktop\simulation\DriverInterface\EWARM6\STM32F4\List\DriverHal_1_0.lst
#    Object file  =  
#        C:\Users\Paul\Desktop\simulation\DriverInterface\EWARM6\STM32F4\Obj\DriverHal_1_0.o
#
###############################################################################

C:\Users\Paul\Desktop\simulation\DriverInterface\DriverHal_1_0.c
      1          
      2          #ifndef __DriverHal_H__
      3          #define __DriverHal_H__
      4          
      5          /* Standard includes. */
      6          #include <stdio.h>
      7          #include <stdint.h>
      8          #include <errno.h>
      9          #include <string.h>
     10          #include <math.h>
     11          #include <stdlib.h>
     12          #include <stdarg.h>
     13          #include "DriverHal_1_0_Config.h"
     14          #include "DriverHal_1_0.h"
     15          

   \                                 In section .text, align 2, keep-with-next
     16          int DriverInit(pDriverHandle_t pHandle, pDriverAPI pAPI, pDriverConfig pConfig)
     17          {
   \                     DriverInit: (+1)
   \   00000000   0xB570             PUSH     {R4-R6,LR}
   \   00000002   0x0004             MOVS     R4,R0
   \   00000004   0x000D             MOVS     R5,R1
   \   00000006   0x0016             MOVS     R6,R2
     18              SPI_BMI160_INIT(pHandle, pAPI, pConfig);
   \   00000008   0x0032             MOVS     R2,R6
   \   0000000A   0x0029             MOVS     R1,R5
   \   0000000C   0x0020             MOVS     R0,R4
   \   0000000E   0x.... 0x....      BL       SPI_BMI160_INIT
     19              
     20              return 0;
   \   00000012   0x2000             MOVS     R0,#+0
   \   00000014   0xBD70             POP      {R4-R6,PC}       ;; return
     21          }
     22          
     23          
     24          #endif /* __DriverHal_H__ */

   Maximum stack usage in bytes:

   .cstack Function
   ------- --------
      16   DriverInit
        16   -> SPI_BMI160_INIT


   Section sizes:

   Bytes  Function/Label
   -----  --------------
      22  DriverInit

 
 22 bytes in section .text
 
 22 bytes of CODE memory

Errors: none
Warnings: none
